// Jest Snapshot v1, https://goo.gl/fbAQLP

exports[`ScreenNew should render a view 1`] = `ShallowWrapper {}`;
