// Jest Snapshot v1, https://goo.gl/fbAQLP

exports[`Header should render a view 1`] = `ShallowWrapper {}`;
